// Jest Snapshot v1, https://goo.gl/fbAQLP

exports[`src/components/SuccessForm.js renders correctly 1`] = `
<p>
  <strong>
    Thanks for sending me a message! I'll send you a response soon.
  </strong>
  <a
    className="nav__link"
    href="/blog"
    title="Got to Blog page"
  >
    Let's see the Blog?!!
  </a>
</p>
`;
